P=000000000000000000000000000001111111111111011111 CARRY=0 OVER=0 PAT=0 UNDER=0
